  C1.1  LptrVar(v) :-     DirectFlow(v,w),    LptrVar(w).

  NO   RUNTIME

   0 0.03031150 | *******************************************************************
   1 0.01849570 | ****************************************
   2 0.01799320 | ***************************************
   3 0.01742340 | **************************************
   4 0.01728900 | **************************************
   5 0.01646010 | ************************************
   6 0.01378380 | ******************************
   7 0.01201130 | **************************
   8 0.01090330 | ************************
   9 0.01027330 | **********************
  10 0.00965082 | *********************
  11 0.00895556 | *******************

