  R1  LptrVar                  

  NO   COPYTIME

   0 0.00202640 | *******************************************************************
   1 0.00079748 | **************************
   2 0.00037781 | ************
   3 0.00022608 | *******
   4 0.00015878 | *****
   5 0.00014496 | ****
   6 0.00007345 | **
   7 0.00002673 | 
   8 0.00001421 | 
   9 0.00000845 | 
  10 0.00000535 | 
  11 0.00000000 | 

