SouffleProf Alpha3 (2 Feb 2015)
Available commands:

  rel                           -     display relation table.
  rel <relation id>             -     display all rules of given relation.
  rul                           -     display rule table
  rul <rule id>                 -     display all version of given rule.
  rul id                        -     display all rules names and ids.
  rul id <rule id>              -     display the rule name for the given rule id.
  sort <col name>               -     sorts by given column.
  graph <relation id> <type>    -     graph the relation by type(tot_t/copy_t/tuples).
  graph <rule id> <type>        -     graph the rule by type(tot_t/tuples).
  graph ver <rule id> <type>    -     graph the rule versions by type(tot_t/tuples).
  top                           -     display top-level summary of program run.
  load <filename>               -     load the given new log file.
  open                          -     list stored program run log files.
  open <filename>               -     open the given stored log file.
  save <filename>               -     store a log file.
  stop                          -     stop running live.
  help                          -     print this.
  q                             -     exit program.
