sort is not currently implemented, expected output TBD

