Unknown command. For more information try the "help" command.
